// Jest Snapshot v1, https://goo.gl/fbAQLP

exports[`<Input /> should render input 1`] = `
<DocumentFragment>
  <input
    value="value"
  />
</DocumentFragment>
`;
